MESSAGE Missing where attribute in the options parameter STACK AssertionError [ERR_ASSERTION]: Missing where attribute in the options parameter,    at brand._optionsMustContainWhere (/mnt/Files/Code/mareew/mareew.uz/node_modules/sequelize/lib/model.js:2078:5),    at brand.update (/mnt/Files/Code/mareew/mareew.uz/node_modules/sequelize/lib/model.js:1844:10),    at Module.updateById (file:///mnt/Files/Code/mareew/mareew.uz/src/services/brand.js:34:34),    at update (file:///mnt/Files/Code/mareew/mareew.uz/src/controllers/brand.js:54:42),    at Layer.handle [as handle_request] (/mnt/Files/Code/mareew/mareew.uz/node_modules/express/lib/router/layer.js:95:5),    at next (/mnt/Files/Code/mareew/mareew.uz/node_modules/express/lib/router/route.js:144:13),    at Route.dispatch (/mnt/Files/Code/mareew/mareew.uz/node_modules/express/lib/router/route.js:114:3),    at Layer.handle [as handle_request] (/mnt/Files/Code/mareew/mareew.uz/node_modules/express/lib/router/layer.js:95:5),    at /mnt/Files/Code/mareew/mareew.uz/node_modules/express/lib/router/index.js:284:15,    at param (/mnt/Files/Code/mareew/mareew.uz/node_modules/express/lib/router/index.js:365:14) TIME Wed Mar 01 2023 18:04:20 GMT+0500 (Uzbekistan Standard Time) 
MESSAGE payload is not defined STACK ReferenceError: payload is not defined,    at remove (file:///mnt/Files/Code/mareew/mareew.uz/src/controllers/brand.js:70:57),    at Layer.handle [as handle_request] (/mnt/Files/Code/mareew/mareew.uz/node_modules/express/lib/router/layer.js:95:5),    at next (/mnt/Files/Code/mareew/mareew.uz/node_modules/express/lib/router/route.js:144:13),    at Route.dispatch (/mnt/Files/Code/mareew/mareew.uz/node_modules/express/lib/router/route.js:114:3),    at Layer.handle [as handle_request] (/mnt/Files/Code/mareew/mareew.uz/node_modules/express/lib/router/layer.js:95:5),    at /mnt/Files/Code/mareew/mareew.uz/node_modules/express/lib/router/index.js:284:15,    at param (/mnt/Files/Code/mareew/mareew.uz/node_modules/express/lib/router/index.js:365:14),    at param (/mnt/Files/Code/mareew/mareew.uz/node_modules/express/lib/router/index.js:376:14),    at Function.process_params (/mnt/Files/Code/mareew/mareew.uz/node_modules/express/lib/router/index.js:421:3),    at next (/mnt/Files/Code/mareew/mareew.uz/node_modules/express/lib/router/index.js:280:10) TIME Wed Mar 01 2023 18:07:25 GMT+0500 (Uzbekistan Standard Time) 
